ðŸŒŸ This was machine generated.  Do not edit. ðŸŒŸ

Frame[0] {
    "type": "timeseries-many",
    "custom": {
        "resultType": "matrix"
    },
    "executedQueryString": "Expr: \nStep: 15s"
}
Name: prometheus_http_requests_total{code="200", handler="/api/v1/query_range", job="prometheus"}
Dimensions: 3 Fields by 3 Rows
+-----------------------------------+--------------------------------------------------------------------------------------------------------+--------------------------------------------------------------------------------------------------------+
| Name: Time                        | Name: Value                                                                                            | Name: Value                                                                                            |
| Labels:                           | Labels: __name__=prometheus_http_requests_total, code=200, handler=/api/v1/query_range, job=prometheus | Labels: __name__=prometheus_http_requests_total, code=400, handler=/api/v1/query_range, job=prometheus |
| Type: []time.Time                 | Type: []*float64                                                                                       | Type: []*float64                                                                                       |
+-----------------------------------+--------------------------------------------------------------------------------------------------------+--------------------------------------------------------------------------------------------------------+
| 2022-01-11 08:25:30.123 +0000 UTC | 21                                                                                                     | 54                                                                                                     |
| 2022-01-11 08:25:31.123 +0000 UTC | 32                                                                                                     | null                                                                                                   |
| 2022-01-11 08:25:32.123 +0000 UTC | 43                                                                                                     | 76                                                                                                     |
+-----------------------------------+--------------------------------------------------------------------------------------------------------+--------------------------------------------------------------------------------------------------------+


====== TEST DATA RESPONSE (arrow base64) ======
FRAME=QVJST1cxAAD/////qAQAABAAAAAAAAoADgAMAAsABAAKAAAAFAAAAAAAAAEEAAoADAAAAAgABAAKAAAACAAAADABAAADAAAApAAAACgAAAAEAAAA+Pv//wgAAAAMAAAAAAAAAAAAAAAFAAAAcmVmSWQAAAAY/P//CAAAAGQAAABbAAAAcHJvbWV0aGV1c19odHRwX3JlcXVlc3RzX3RvdGFse2NvZGU9IjIwMCIsIGhhbmRsZXI9Ii9hcGkvdjEvcXVlcnlfcmFuZ2UiLCBqb2I9InByb21ldGhldXMifQAEAAAAbmFtZQAAAACQ/P//CAAAAHAAAABlAAAAeyJ0eXBlIjoidGltZXNlcmllcy1tYW55IiwiY3VzdG9tIjp7InJlc3VsdFR5cGUiOiJtYXRyaXgifSwiZXhlY3V0ZWRRdWVyeVN0cmluZyI6IkV4cHI6IFxuU3RlcDogMTVzIn0AAAAEAAAAbWV0YQAAAAADAAAAoAIAAAQBAAAEAAAAFv///xQAAADMAAAAzAAAAAAAAwHMAAAAAgAAACwAAAAEAAAASP3//wgAAAAQAAAABQAAAFZhbHVlAAAABAAAAG5hbWUAAAAAbP3//wgAAAB4AAAAbQAAAHsiX19uYW1lX18iOiJwcm9tZXRoZXVzX2h0dHBfcmVxdWVzdHNfdG90YWwiLCJjb2RlIjoiNDAwIiwiaGFuZGxlciI6Ii9hcGkvdjEvcXVlcnlfcmFuZ2UiLCJqb2IiOiJwcm9tZXRoZXVzIn0AAAAGAAAAbGFiZWxzAAAAAAAAvv3//wAAAgAFAAAAVmFsdWUAEgAYABQAEwASAAwAAAAIAAQAEgAAABQAAABoAQAAaAEAAAAAAwFoAQAAAwAAALwAAAAsAAAABAAAAEj+//8IAAAAEAAAAAUAAABWYWx1ZQAAAAQAAABuYW1lAAAAAGz+//8IAAAAeAAAAG0AAAB7Il9fbmFtZV9fIjoicHJvbWV0aGV1c19odHRwX3JlcXVlc3RzX3RvdGFsIiwiY29kZSI6IjIwMCIsImhhbmRsZXIiOiIvYXBpL3YxL3F1ZXJ5X3JhbmdlIiwiam9iIjoicHJvbWV0aGV1cyJ9AAAABgAAAGxhYmVscwAA+P7//wgAAACEAAAAeQAAAHsiZGlzcGxheU5hbWVGcm9tRFMiOiJwcm9tZXRoZXVzX2h0dHBfcmVxdWVzdHNfdG90YWx7Y29kZT1cIjIwMFwiLCBoYW5kbGVyPVwiL2FwaS92MS9xdWVyeV9yYW5nZVwiLCBqb2I9XCJwcm9tZXRoZXVzXCJ9In0AAAAGAAAAY29uZmlnAAAAAAAAVv///wAAAgAFAAAAVmFsdWUAEgAYABQAAAATAAwAAAAIAAQAEgAAABQAAAB4AAAAgAAAAAAAAAqAAAAAAgAAADQAAAAEAAAA3P///wgAAAAQAAAABAAAAFRpbWUAAAAABAAAAG5hbWUAAAAACAAMAAgABAAIAAAACAAAABwAAAASAAAAeyJpbnRlcnZhbCI6MTUwMDB9AAAGAAAAY29uZmlnAAAAAAAAAAAGAAgABgAGAAAAAAADAAQAAABUaW1lAAAAAAAAAAD/////6AAAABQAAAAAAAAADAAWABQAEwAMAAQADAAAAFAAAAAAAAAAFAAAAAAAAAMEAAoAGAAMAAgABAAKAAAAFAAAAHgAAAADAAAAAAAAAAAAAAAGAAAAAAAAAAAAAAAAAAAAAAAAAAAAAAAAAAAAGAAAAAAAAAAYAAAAAAAAAAAAAAAAAAAAGAAAAAAAAAAYAAAAAAAAADAAAAAAAAAABAAAAAAAAAA4AAAAAAAAABgAAAAAAAAAAAAAAAMAAAADAAAAAAAAAAAAAAAAAAAAAwAAAAAAAAAAAAAAAAAAAAMAAAAAAAAAAQAAAAAAAADAGGob1CnJFsDiBFfUKckWwKyfktQpyRYAAAAAAAA1QAAAAAAAAEBAAAAAAACARUAFAAAAAAAAAAAAAAAAAEtAAAAAAAAAAAAAAAAAAABTQBAAAAAMABQAEgAMAAgABAAMAAAAEAAAACwAAAA4AAAAAAAEAAEAAAC4BAAAAAAAAPAAAAAAAAAAUAAAAAAAAAAAAAAAAAAAAAAACgAMAAAACAAEAAoAAAAIAAAAMAEAAAMAAACkAAAAKAAAAAQAAAD4+///CAAAAAwAAAAAAAAAAAAAAAUAAAByZWZJZAAAABj8//8IAAAAZAAAAFsAAABwcm9tZXRoZXVzX2h0dHBfcmVxdWVzdHNfdG90YWx7Y29kZT0iMjAwIiwgaGFuZGxlcj0iL2FwaS92MS9xdWVyeV9yYW5nZSIsIGpvYj0icHJvbWV0aGV1cyJ9AAQAAABuYW1lAAAAAJD8//8IAAAAcAAAAGUAAAB7InR5cGUiOiJ0aW1lc2VyaWVzLW1hbnkiLCJjdXN0b20iOnsicmVzdWx0VHlwZSI6Im1hdHJpeCJ9LCJleGVjdXRlZFF1ZXJ5U3RyaW5nIjoiRXhwcjogXG5TdGVwOiAxNXMifQAAAAQAAABtZXRhAAAAAAMAAACgAgAABAEAAAQAAAAW////FAAAAMwAAADMAAAAAAADAcwAAAACAAAALAAAAAQAAABI/f//CAAAABAAAAAFAAAAVmFsdWUAAAAEAAAAbmFtZQAAAABs/f//CAAAAHgAAABtAAAAeyJfX25hbWVfXyI6InByb21ldGhldXNfaHR0cF9yZXF1ZXN0c190b3RhbCIsImNvZGUiOiI0MDAiLCJoYW5kbGVyIjoiL2FwaS92MS9xdWVyeV9yYW5nZSIsImpvYiI6InByb21ldGhldXMifQAAAAYAAABsYWJlbHMAAAAAAAC+/f//AAACAAUAAABWYWx1ZQASABgAFAATABIADAAAAAgABAASAAAAFAAAAGgBAABoAQAAAAADAWgBAAADAAAAvAAAACwAAAAEAAAASP7//wgAAAAQAAAABQAAAFZhbHVlAAAABAAAAG5hbWUAAAAAbP7//wgAAAB4AAAAbQAAAHsiX19uYW1lX18iOiJwcm9tZXRoZXVzX2h0dHBfcmVxdWVzdHNfdG90YWwiLCJjb2RlIjoiMjAwIiwiaGFuZGxlciI6Ii9hcGkvdjEvcXVlcnlfcmFuZ2UiLCJqb2IiOiJwcm9tZXRoZXVzIn0AAAAGAAAAbGFiZWxzAAD4/v//CAAAAIQAAAB5AAAAeyJkaXNwbGF5TmFtZUZyb21EUyI6InByb21ldGhldXNfaHR0cF9yZXF1ZXN0c190b3RhbHtjb2RlPVwiMjAwXCIsIGhhbmRsZXI9XCIvYXBpL3YxL3F1ZXJ5X3JhbmdlXCIsIGpvYj1cInByb21ldGhldXNcIn0ifQAAAAYAAABjb25maWcAAAAAAABW////AAACAAUAAABWYWx1ZQASABgAFAAAABMADAAAAAgABAASAAAAFAAAAHgAAACAAAAAAAAACoAAAAACAAAANAAAAAQAAADc////CAAAABAAAAAEAAAAVGltZQAAAAAEAAAAbmFtZQAAAAAIAAwACAAEAAgAAAAIAAAAHAAAABIAAAB7ImludGVydmFsIjoxNTAwMH0AAAYAAABjb25maWcAAAAAAAAAAAYACAAGAAYAAAAAAAMABAAAAFRpbWUAAAAA0AQAAEFSUk9XMQ==
